stm32f0xx_hal_usart.c:1891:13:USART_EndTransfer	0	static
stm32f0xx_hal_usart.c:2247:26:USART_CheckIdleState	0	static
stm32f0xx_hal_usart.c:2307:26:USART_Transmit_IT	0	static
stm32f0xx_hal_usart.c:2169:26:USART_SetConfig	8	static
stm32f0xx_hal_usart.c:2137:26:USART_WaitOnFlagUntilTimeout	24	static
stm32f0xx_hal_usart.c:373:13:HAL_USART_MspInit	0	static
stm32f0xx_hal_usart.c:276:19:HAL_USART_Init	8	static
stm32f0xx_hal_usart.c:388:13:HAL_USART_MspDeInit	0	static
stm32f0xx_hal_usart.c:339:19:HAL_USART_DeInit	16	static
stm32f0xx_hal_usart.c:489:19:HAL_USART_Transmit	40	static
stm32f0xx_hal_usart.c:576:19:HAL_USART_Receive	40	static
stm32f0xx_hal_usart.c:676:19:HAL_USART_TransmitReceive	40	static
stm32f0xx_hal_usart.c:783:19:HAL_USART_Transmit_IT	8	static
stm32f0xx_hal_usart.c:845:19:HAL_USART_Receive_IT	12	static
stm32f0xx_hal_usart.c:916:19:HAL_USART_TransmitReceive_IT	16	static
stm32f0xx_hal_usart.c:984:19:HAL_USART_Transmit_DMA	16	static
stm32f0xx_hal_usart.c:1059:19:HAL_USART_Receive_DMA	32	static
stm32f0xx_hal_usart.c:1152:19:HAL_USART_TransmitReceive_DMA	32	static
stm32f0xx_hal_usart.c:1244:19:HAL_USART_DMAPause	0	static
stm32f0xx_hal_usart.c:1285:19:HAL_USART_DMAResume	0	static
stm32f0xx_hal_usart.c:1323:19:HAL_USART_DMAStop	8	static
stm32f0xx_hal_usart.c:1366:19:HAL_USART_Abort	8	static
stm32f0xx_hal_usart.c:1723:13:HAL_USART_TxCpltCallback	0	static
stm32f0xx_hal_usart.c:1907:13:USART_DMATransmitCplt	8	static
stm32f0xx_hal_usart.c:2356:26:USART_EndTransmit_IT	8	static
stm32f0xx_hal_usart.c:1738:13:HAL_USART_TxHalfCpltCallback	0	static
stm32f0xx_hal_usart.c:1941:13:USART_DMATxHalfCplt	8	static
stm32f0xx_hal_usart.c:1753:13:HAL_USART_RxCpltCallback	0	static
stm32f0xx_hal_usart.c:2380:26:USART_Receive_IT	8	static
stm32f0xx_hal_usart.c:1768:13:HAL_USART_RxHalfCpltCallback	0	static
stm32f0xx_hal_usart.c:2005:13:USART_DMARxHalfCplt	8	static
stm32f0xx_hal_usart.c:1783:13:HAL_USART_TxRxCpltCallback	0	static
stm32f0xx_hal_usart.c:1953:13:USART_DMAReceiveCplt	8	static
stm32f0xx_hal_usart.c:2433:26:USART_TransmitReceive_IT	8	static
stm32f0xx_hal_usart.c:1798:13:HAL_USART_ErrorCallback	0	static
stm32f0xx_hal_usart.c:2017:13:USART_DMAError	8	static
stm32f0xx_hal_usart.c:1549:6:HAL_USART_IRQHandler	16	static
stm32f0xx_hal_usart.c:2037:13:USART_DMAAbortOnError	8	static
stm32f0xx_hal_usart.c:1813:13:HAL_USART_AbortCpltCallback	0	static
stm32f0xx_hal_usart.c:1434:19:HAL_USART_Abort_IT	8	static
stm32f0xx_hal_usart.c:2095:13:USART_DMARxAbortCallback	8	static
stm32f0xx_hal_usart.c:2054:13:USART_DMATxAbortCallback	8	static
stm32f0xx_hal_usart.c:1850:24:HAL_USART_GetState	0	static
stm32f0xx_hal_usart.c:1861:10:HAL_USART_GetError	0	static
