stm32f0xx_hal_i2c.c:4272:13:I2C_Flush_TXDR	0	static
stm32f0xx_hal_i2c.c:4335:13:I2C_DMASlaveTransmitCplt	0	static
stm32f0xx_hal_i2c.c:4392:13:I2C_DMASlaveReceiveCplt	0	static
stm32f0xx_hal_i2c.c:4678:13:I2C_TransferConfig	12	static
stm32f0xx_hal_i2c.c:4708:26:I2C_Enable_IRQ	0	static
stm32f0xx_hal_i2c.c:4781:26:I2C_Disable_IRQ	12	static
stm32f0xx_hal_i2c.c:4612:26:I2C_IsAcknowledgeFailed	16	static
stm32f0xx_hal_i2c.c:4489:26:I2C_WaitOnTXISFlagUntilTimeout	16	static
stm32f0xx_hal_i2c.c:4460:26:I2C_WaitOnFlagUntilTimeout	24	static
stm32f0xx_hal_i2c.c:3628:26:I2C_RequestMemoryWrite	24	static
stm32f0xx_hal_i2c.c:3695:26:I2C_RequestMemoryRead	24	static
stm32f0xx_hal_i2c.c:4526:26:I2C_WaitOnSTOPFlagUntilTimeout	16	static
stm32f0xx_hal_i2c.c:4560:26:I2C_WaitOnRXNEFlagUntilTimeout	16	static
stm32f0xx_hal_i2c.c:4293:13:I2C_DMAMasterTransmitCplt	8	static
stm32f0xx_hal_i2c.c:4350:13:I2C_DMAMasterReceiveCplt	8	static
stm32f0xx_hal_i2c.c:527:13:HAL_I2C_MspInit	0	static
stm32f0xx_hal_i2c.c:404:19:HAL_I2C_Init	8	static
stm32f0xx_hal_i2c.c:543:13:HAL_I2C_MspDeInit	0	static
stm32f0xx_hal_i2c.c:491:19:HAL_I2C_DeInit	16	static
stm32f0xx_hal_i2c.c:627:19:HAL_I2C_Master_Transmit	40	static
stm32f0xx_hal_i2c.c:751:19:HAL_I2C_Master_Receive	40	static
stm32f0xx_hal_i2c.c:874:19:HAL_I2C_Slave_Transmit	40	static
stm32f0xx_hal_i2c.c:1014:19:HAL_I2C_Slave_Receive	40	static
stm32f0xx_hal_i2c.c:1146:19:HAL_I2C_Master_Transmit_IT	24	static
stm32f0xx_hal_i2c.c:1215:19:HAL_I2C_Master_Receive_IT	24	static
stm32f0xx_hal_i2c.c:1282:19:HAL_I2C_Slave_Transmit_IT	24	static
stm32f0xx_hal_i2c.c:1331:19:HAL_I2C_Slave_Receive_IT	24	static
stm32f0xx_hal_i2c.c:1382:19:HAL_I2C_Master_Transmit_DMA	32	static
stm32f0xx_hal_i2c.c:1490:19:HAL_I2C_Master_Receive_DMA	32	static
stm32f0xx_hal_i2c.c:1595:19:HAL_I2C_Slave_Transmit_DMA	16	static
stm32f0xx_hal_i2c.c:1661:19:HAL_I2C_Slave_Receive_DMA	16	static
stm32f0xx_hal_i2c.c:1731:19:HAL_I2C_Mem_Write	48	static
stm32f0xx_hal_i2c.c:1884:19:HAL_I2C_Mem_Read	40	static
stm32f0xx_hal_i2c.c:2028:19:HAL_I2C_Mem_Write_IT	48	static
stm32f0xx_hal_i2c.c:2127:19:HAL_I2C_Mem_Read_IT	48	static
stm32f0xx_hal_i2c.c:2225:19:HAL_I2C_Mem_Write_DMA	48	static
stm32f0xx_hal_i2c.c:2341:19:HAL_I2C_Mem_Read_DMA	48	static
stm32f0xx_hal_i2c.c:2455:19:HAL_I2C_IsDeviceReady	40	static
stm32f0xx_hal_i2c.c:2575:19:HAL_I2C_Master_Sequential_Transmit_IT	24	static
stm32f0xx_hal_i2c.c:2641:19:HAL_I2C_Master_Sequential_Receive_IT	24	static
stm32f0xx_hal_i2c.c:2705:19:HAL_I2C_Slave_Sequential_Transmit_IT	24	static
stm32f0xx_hal_i2c.c:2779:19:HAL_I2C_Slave_Sequential_Receive_IT	24	static
stm32f0xx_hal_i2c.c:2849:19:HAL_I2C_EnableListen_IT	8	static
stm32f0xx_hal_i2c.c:2873:19:HAL_I2C_DisableListen_IT	16	static
stm32f0xx_hal_i2c.c:2906:19:HAL_I2C_Master_Abort_IT	24	static
stm32f0xx_hal_i2c.c:2956:6:HAL_I2C_EV_IRQHandler	8	static
stm32f0xx_hal_i2c.c:3020:13:HAL_I2C_MasterTxCpltCallback	0	static
stm32f0xx_hal_i2c.c:3036:13:HAL_I2C_MasterRxCpltCallback	0	static
stm32f0xx_hal_i2c.c:3839:13:I2C_ITMasterSequentialCplt	16	static
stm32f0xx_hal_i2c.c:3051:13:HAL_I2C_SlaveTxCpltCallback	0	static
stm32f0xx_hal_i2c.c:3067:13:HAL_I2C_SlaveRxCpltCallback	0	static
stm32f0xx_hal_i2c.c:3884:13:I2C_ITSlaveSequentialCplt	8	static
stm32f0xx_hal_i2c.c:3085:13:HAL_I2C_AddrCallback	0	static
stm32f0xx_hal_i2c.c:3756:13:I2C_ITAddrCplt	24	static
stm32f0xx_hal_i2c.c:3103:13:HAL_I2C_ListenCpltCallback	0	static
stm32f0xx_hal_i2c.c:4126:13:I2C_ITListenCplt	8	static
stm32f0xx_hal_i2c.c:3119:13:HAL_I2C_MemTxCpltCallback	0	static
stm32f0xx_hal_i2c.c:3135:13:HAL_I2C_MemRxCpltCallback	0	static
stm32f0xx_hal_i2c.c:3151:13:HAL_I2C_ErrorCallback	0	static
stm32f0xx_hal_i2c.c:3167:13:HAL_I2C_AbortCpltCallback	0	static
stm32f0xx_hal_i2c.c:4170:13:I2C_ITError	8	static
stm32f0xx_hal_i2c.c:4020:13:I2C_ITSlaveCplt	16	static
stm32f0xx_hal_i2c.c:3371:26:I2C_Slave_ISR_IT	16	static
stm32f0xx_hal_i2c.c:3573:26:I2C_Slave_ISR_DMA	8	static
stm32f0xx_hal_i2c.c:3928:13:I2C_ITMasterCplt	8	static
stm32f0xx_hal_i2c.c:3250:26:I2C_Master_ISR_IT	24	static
stm32f0xx_hal_i2c.c:3484:26:I2C_Master_ISR_DMA	16	static
stm32f0xx_hal_i2c.c:4407:13:I2C_DMAError	8	static
stm32f0xx_hal_i2c.c:2975:6:HAL_I2C_ER_IRQHandler	16	static
stm32f0xx_hal_i2c.c:4424:13:I2C_DMAAbort	8	static
stm32f0xx_hal_i2c.c:3202:22:HAL_I2C_GetState	0	static
stm32f0xx_hal_i2c.c:3214:21:HAL_I2C_GetMode	0	static
stm32f0xx_hal_i2c.c:3225:10:HAL_I2C_GetError	0	static
