ssd1306.h:262:13:SSD1306::~SSD1306()	8	static
ssd1306.h:262:13:virtual SSD1306::~SSD1306()	8	static
ssd1306.cpp:263:6:void SSD1306::speed(SSD1306::I2CSpeed)	8	static
ssd1306.cpp:278:6:char SSD1306::scan()	24	static
ssd1306.cpp:292:5:int SSD1306::command_data(char, char, char)	32	static
ssd1306.cpp:309:5:int SSD1306::command(char)	8	static
ssd1306.cpp:314:5:int SSD1306::data(char)	8	static
ssd1306.cpp:319:5:int SSD1306::init()	16	static
ssd1306.cpp:348:6:void SSD1306::locate(char, char)	0	static
ssd1306.cpp:388:6:void SSD1306::redraw()	16	static
ssd1306.cpp:336:6:void SSD1306::scroll(bool)	16	static
ssd1306.cpp:353:6:void SSD1306::putchar(char, bool)	16	static
ssd1306.cpp:370:6:void SSD1306::puts(char*, bool)	16	static
ssd1306.cpp:375:6:)	28	static
ssd1306.cpp:233:1:SSD1306::SSD1306(PinName, PinName, char)	32	static
ssd1306.cpp:250:1:SSD1306::SSD1306(mbed::I2C&, char)	16	static
ssd1306.cpp:406:6:void SSD1306::display()	8	static
ssd1306.cpp:411:6:void SSD1306::set_contrast(char)	16	static
ssd1306.cpp:417:6:void SSD1306::cls(char*, bool)	16	static
ssd1306.cpp:433:6:void SSD1306::plot(char, char, SSD1306::PlotStyle, bool)	16	static
ssd1306.cpp:453:6:bool SSD1306::point(char, char)	0	static
ssd1306.cpp:464:6:void SSD1306::line(char, char, char, char, SSD1306::PlotStyle, bool)	72	static
ssd1306.cpp:488:6:void SSD1306::circle(char, char, char, SSD1306::PlotStyle, bool)	96	static
ssd1306.cpp:524:6:void SSD1306::fill(char, char, bool)	48	static
