ATCmdParser.cpp:40:5:int mbed::ATCmdParser::putc(char)	24	static
ATCmdParser.cpp:54:5:int mbed::ATCmdParser::getc()	24	static
ATCmdParser.cpp:69:6:void mbed::ATCmdParser::flush()	16	static
ATCmdParser.cpp:79:5:int mbed::ATCmdParser::write(const char*, int)	24	static
ATCmdParser.cpp:90:5:int mbed::ATCmdParser::read(char*, int)	24	static
ATCmdParser.cpp:105:5:int mbed::ATCmdParser::vprintf(const char*, va_list)	16	static
ATCmdParser.cpp:121:5:int mbed::ATCmdParser::vscanf(const char*, va_list)	40	static
ATCmdParser.cpp:184:6:bool mbed::ATCmdParser::vsend(const char*, va_list)	16	static
ATCmdParser.cpp:208:6:bool mbed::ATCmdParser::vrecv(const char*, va_list)	56	static
ATCmdParser.cpp:332:5:)	12	static
ATCmdParser.cpp:341:5:)	12	static
ATCmdParser.cpp:350:6:)	12	static
ATCmdParser.cpp:359:6:)	12	static
ATCmdParser.cpp:369:6:void mbed::ATCmdParser::oob(const char*, mbed::Callback<void()>)	32	static
ATCmdParser.cpp:379:6:void mbed::ATCmdParser::abort()	0	static
ATCmdParser.cpp:384:6:bool mbed::ATCmdParser::process_oob()	24	static
