CallChain.cpp:29:1:mbed::CallChain::CallChain(int)	0	static
CallChain.cpp:39:20:mbed::Callback<void()>* mbed::CallChain::add(mbed::Callback<void()>)	16	static
CallChain.cpp:57:20:mbed::Callback<void()>* mbed::CallChain::add_front(mbed::Callback<void()>)	16	static
CallChain.cpp:65:5:int mbed::CallChain::size() const	0	static
CallChain.cpp:76:20:mbed::Callback<void()>* mbed::CallChain::get(int) const	0	static
CallChain.cpp:88:5:int mbed::CallChain::find(mbed::pFunctionPointer_t) const	0	static
CallChain.cpp:102:6:void mbed::CallChain::clear()	16	static
CallChain.cpp:34:1:mbed::CallChain::~CallChain()	8	static
CallChain.cpp:34:1:virtual mbed::CallChain::~CallChain()	8	static
CallChain.cpp:113:6:bool mbed::CallChain::remove(mbed::pFunctionPointer_t)	8	static
CallChain.cpp:126:6:void mbed::CallChain::call()	8	static
