mbed_critical.c:48:6:core_util_are_interrupts_enabled	0	static
mbed_critical.c:57:6:core_util_is_isr_active	0	static
mbed_critical.c:73:6:core_util_in_critical_section	8	static
mbed_critical.c:78:6:core_util_critical_section_enter	8	static
mbed_critical.c:93:6:core_util_critical_section_exit	8	static
mbed_critical.c:216:6:core_util_atomic_cas_u8	16	static
mbed_critical.c:233:6:core_util_atomic_cas_u16	16	static
mbed_critical.c:251:6:core_util_atomic_cas_u32	16	static
mbed_critical.c:269:9:core_util_atomic_incr_u8	16	static
mbed_critical.c:279:10:core_util_atomic_incr_u16	16	static
mbed_critical.c:289:10:core_util_atomic_incr_u32	16	static
mbed_critical.c:300:9:core_util_atomic_decr_u8	16	static
mbed_critical.c:310:10:core_util_atomic_decr_u16	16	static
mbed_critical.c:320:10:core_util_atomic_decr_u32	16	static
mbed_critical.c:333:6:core_util_atomic_cas_ptr	8	static
mbed_critical.c:341:7:core_util_atomic_incr_ptr	8	static
mbed_critical.c:346:7:core_util_atomic_decr_ptr	8	static
