FileHandle.h:98:17:virtual int mbed::FileHandle::sync()	0	static
FileHandle.h:109:17:virtual int mbed::FileHandle::isatty()	0	static
FileHandle.h:120:19:virtual off_t mbed::FileHandle::tell()	8	static
FileHandle.h:129:18:virtual void mbed::FileHandle::rewind()	8	static
FileHandle.h:153:19:virtual off_t mbed::FileHandle::lseek(off_t, int)	8	static
FileHandle.h:167:17:virtual int mbed::FileHandle::fsync()	8	static
FileHandle.h:179:19:virtual off_t mbed::FileHandle::flen()	8	static
FileHandle.h:193:17:virtual int mbed::FileHandle::set_blocking(bool)	0	static
FileHandle.h:202:18:virtual bool mbed::FileHandle::is_blocking() const	0	static
FileHandle.h:217:19:virtual short int mbed::FileHandle::poll(short int) const	0	static
FileHandle.h:262:18:virtual void mbed::FileHandle::sigio(mbed::Callback<void()>)	0	static
Stream.h:80:18:virtual void mbed::Stream::lock()	0	static
Stream.h:87:18:virtual void mbed::Stream::unlock()	0	static
Stream.cpp:76:5:virtual int mbed::Stream::close()	0	static
Stream.cpp:81:9:virtual ssize_t mbed::Stream::write(const void*, size_t)	24	static
Stream.cpp:97:9:virtual ssize_t mbed::Stream::read(void*, size_t)	24	static
Stream.cpp:115:7:virtual off_t mbed::Stream::seek(off_t, int)	0	static
Stream.cpp:120:7:virtual off_t mbed::Stream::tell()	0	static
Stream.cpp:125:6:virtual void mbed::Stream::rewind()	0	static
Stream.cpp:129:5:virtual int mbed::Stream::isatty()	0	static
Stream.cpp:134:5:virtual int mbed::Stream::sync()	0	static
Stream.cpp:139:7:virtual off_t mbed::Stream::size()	0	static
Stream.cpp:22:1:mbed::Stream::Stream(const char*)	16	static
Stream.cpp:37:1:mbed::Stream::~Stream()	8	static
Stream.cpp:37:1:virtual mbed::Stream::~Stream()	8	static
Stream.cpp:43:5:int mbed::Stream::putc(int)	16	static
Stream.cpp:51:5:int mbed::Stream::puts(const char*)	16	static
Stream.cpp:59:5:int mbed::Stream::getc()	16	static
Stream.cpp:67:7:char* mbed::Stream::gets(char*, int)	16	static
Stream.cpp:144:5:)	28	static
Stream.cpp:156:5:)	28	static
Stream.cpp:168:5:int mbed::Stream::vprintf(const char*, va_list)	16	static
Stream.cpp:177:5:int mbed::Stream::vscanf(const char*, va_list)	16	static
