serial_device.c:349:13:serial_enable_event	0	static
serial_device.c:368:18:serial_get_irq_n	0	static
serial_device.c:57:13:uart_irq	8	static
serial_device.c:99:13:uart3_8_irq	8	static
serial_device.c:92:13:uart2_irq	8	static
serial_device.c:85:13:uart1_irq	8	static
serial_device.c:146:6:serial_irq_handler	0	static
serial_device.c:154:6:serial_irq_set	16	static
serial_device.c:261:5:serial_getc	16	static
serial_device.c:270:6:serial_putc	16	static
serial_device.c:279:6:serial_clear	8	static
serial_device.c:288:6:serial_break_set	0	static
serial_device.c:546:9:serial_tx_active	8	static
serial_device.c:307:13:serial_tx_buffer_set	16	static
serial_device.c:455:5:serial_tx_asynch	32	static
serial_device.c:562:9:serial_rx_active	8	static
serial_device.c:328:13:serial_rx_buffer_set	16	static
serial_device.c:508:6:serial_rx_asynch	32	static
serial_device.c:572:6:HAL_UART_TxCpltCallback	0	static
serial_device.c:579:6:HAL_UART_ErrorCallback	0	static
serial_device.c:679:6:serial_tx_abort_asynch	16	static
serial_device.c:706:6:serial_rx_abort_asynch	24	static
serial_device.c:601:5:serial_irq_handler_asynch	24	static
serial_device.c:741:6:serial_set_flow_control	32	static
