I2CSlave.cpp:22:1:mbed::I2CSlave::I2CSlave(PinName, PinName)	16	static
I2CSlave.cpp:29:6:void mbed::I2CSlave::frequency(int)	8	static
I2CSlave.cpp:34:6:void mbed::I2CSlave::address(int)	8	static
I2CSlave.cpp:40:5:int mbed::I2CSlave::receive()	8	static
I2CSlave.cpp:45:5:int mbed::I2CSlave::read(char*, int)	8	static
I2CSlave.cpp:50:5:int mbed::I2CSlave::read()	8	static
I2CSlave.cpp:55:5:int mbed::I2CSlave::write(const char*, int)	8	static
I2CSlave.cpp:60:5:int mbed::I2CSlave::write(int)	8	static
I2CSlave.cpp:65:6:void mbed::I2CSlave::stop()	8	static
