Callback.h:649:14:static R mbed::Callback<R()>::function_call(const void*) [with F = void (*)(); R = void]	8	static
Callback.h:655:17:static void mbed::Callback<R()>::function_move(void*, const void*) [with F = void (*)(); R = void]	0	static
Callback.h:661:17:static void mbed::Callback<R()>::function_dtor(void*) [with F = void (*)(); R = void]	0	static
InterruptManager.cpp:59:1:mbed::InterruptManager::InterruptManager()	8	static
InterruptManager.cpp:76:1:mbed::InterruptManager::~InterruptManager()	16	static
InterruptManager.cpp:37:19:static mbed::InterruptManager* mbed::InterruptManager::get()	8	static
InterruptManager.cpp:65:6:static void mbed::InterruptManager::destroy()	8	static
InterruptManager.cpp:129:6:void mbed::InterruptManager::irq_helper()	8	static
InterruptManager.cpp:140:6:static void mbed::InterruptManager::static_irq_helper()	8	static
InterruptManager.cpp:134:5:int mbed::InterruptManager::get_irq_index(IRQn_Type)	0	static
InterruptManager.cpp:113:6:bool mbed::InterruptManager::remove_handler(mbed::pFunctionPointer_t, IRQn_Type)	16	static
InterruptManager.cpp:84:6:bool mbed::InterruptManager::must_replace_vector(IRQn_Type)	40	static
InterruptManager.cpp:99:20:mbed::Callback<void()>* mbed::InterruptManager::add_common(void (*)(), IRQn_Type, bool)	64	static
InterruptManager.cpp:145:6:void mbed::InterruptManager::lock()	0	static
InterruptManager.cpp:150:6:void mbed::InterruptManager::unlock()	0	static
