TimerEvent.cpp:35:6:static void mbed::TimerEvent::irq(uint32_t)	8	static
TimerEvent.cpp:25:1:mbed::TimerEvent::TimerEvent()	8	static
TimerEvent.cpp:30:1:mbed::TimerEvent::TimerEvent(const ticker_data_t*)	8	static
TimerEvent.cpp:47:6:void mbed::TimerEvent::insert(timestamp_t)	8	static
TimerEvent.cpp:52:6:void mbed::TimerEvent::insert_absolute(us_timestamp_t)	16	static
TimerEvent.cpp:57:6:void mbed::TimerEvent::remove()	8	static
TimerEvent.cpp:41:1:mbed::TimerEvent::~TimerEvent()	8	static
TimerEvent.cpp:41:1:virtual mbed::TimerEvent::~TimerEvent()	8	static
