i2c_api.c:93:13:i2c2_irq	8	static
i2c_api.c:85:13:i2c1_irq	8	static
i2c_api.c:125:6:i2c_ev_err_enable	24	static
i2c_api.c:153:6:i2c_ev_err_disable	8	static
i2c_api.c:163:10:i2c_get_irq_handler	0	static
i2c_api.c:201:6:i2c_hw_reset	16	static
i2c_api.c:244:6:i2c_sw_reset	0	static
i2c_api.c:353:6:i2c_frequency	16	static
i2c_api.c:261:6:i2c_init	32	static
i2c_api.c:437:8:get_i2c_obj	0	static
i2c_api.c:571:5:i2c_start	0	static
i2c_api.c:579:5:i2c_stop	8	static
i2c_api.c:451:6:i2c_reset	8	static
i2c_api.c:737:5:i2c_read	40	static
i2c_api.c:794:5:i2c_write	40	static
i2c_api.c:848:6:HAL_I2C_MasterTxCpltCallback	16	static
i2c_api.c:872:6:HAL_I2C_MasterRxCpltCallback	8	static
i2c_api.c:915:6:i2c_slave_address	16	static
i2c_api.c:882:6:HAL_I2C_ErrorCallback	16	static
i2c_api.c:929:6:i2c_slave_mode	8	static
i2c_api.c:951:6:HAL_I2C_AddrCallback	8	static
i2c_api.c:967:6:HAL_I2C_SlaveTxCpltCallback	8	static
i2c_api.c:975:6:HAL_I2C_SlaveRxCpltCallback	8	static
i2c_api.c:983:6:HAL_I2C_ListenCpltCallback	8	static
i2c_api.c:989:5:i2c_slave_receive	0	static
i2c_api.c:1006:5:i2c_slave_read	16	static
i2c_api.c:625:5:i2c_byte_read	24	static
i2c_api.c:1032:5:i2c_slave_write	16	static
i2c_api.c:671:5:i2c_byte_write	16	static
i2c_api.c:1062:6:HAL_I2C_AbortCpltCallback	8	static
i2c_api.c:1077:6:i2c_transfer_asynch	32	static
i2c_api.c:1145:10:i2c_irq_handler_asynch	16	static
i2c_api.c:1158:9:i2c_active	0	static
i2c_api.c:1171:6:i2c_abort_asynch	8	static
